========== Run started: 2025-10-31 01:31:08 ==========
-- Found OpenCV: /usr (found version "4.10.0") found components: core imgproc highgui imgcodecs
-- Found OpenCV: /usr (found version "4.10.0")
-- Default CPU architecture for KFR is neon64 (set by KFR_ARCH)
-- Runtime dispatch is enabled for architectures: neon64 (set KFR_ARCHS to change, set KFR_ENABLE_MULTIARCH=OFF to disable)
-- Configuring done (0.4s)
-- Generating done (0.1s)
-- Build files have been written to: /home/raspi/Desktop/obstacle-detection-and-auditory-feedback-system/embedded-application/build
ninja: no work to do.
Monitoring performance of PID=46956
2025-10-31 01:31:09 PID=46956 CPU=0.0% MEM=0.2% RSS=18.61MB
2025-10-31 01:31:10 PID=46956 CPU=99.0% MEM=2.1% RSS=170.66MB
2025-10-31 01:31:11 PID=46956 CPU=100% MEM=2.5% RSS=203.20MB
2025-10-31 01:31:12 PID=46956 CPU=76.0% MEM=2.7% RSS=221.77MB
2025-10-31 01:31:13 PID=46956 CPU=62.2% MEM=2.7% RSS=225.28MB
2025-10-31 01:31:14 PID=46956 CPU=53.8% MEM=2.7% RSS=225.28MB
2025-10-31 01:31:15 PID=46956 CPU=48.6% MEM=2.7% RSS=225.28MB
2025-10-31 01:31:16 PID=46956 CPU=44.6% MEM=2.7% RSS=225.28MB
2025-10-31 01:31:17 PID=46956 CPU=41.9% MEM=2.7% RSS=225.28MB
2025-10-31 01:31:18 PID=46956 CPU=39.7% MEM=2.7% RSS=225.28MB
2025-10-31 01:31:19 PID=46956 CPU=37.9% MEM=2.7% RSS=225.09MB
2025-10-31 01:31:20 PID=46956 CPU=36.5% MEM=2.7% RSS=225.09MB
2025-10-31 01:31:21 PID=46956 CPU=35.3% MEM=2.7% RSS=225.17MB
2025-10-31 01:31:22 PID=46956 CPU=34.2% MEM=2.7% RSS=225.17MB
2025-10-31 01:31:23 PID=46956 CPU=33.3% MEM=2.7% RSS=225.17MB
2025-10-31 01:31:24 PID=46956 CPU=32.5% MEM=2.7% RSS=225.25MB
2025-10-31 01:31:25 PID=46956 CPU=31.9% MEM=2.7% RSS=225.25MB
2025-10-31 01:31:26 PID=46956 CPU=31.2% MEM=2.7% RSS=225.25MB
2025-10-31 01:31:27 PID=46956 CPU=30.7% MEM=2.7% RSS=225.25MB
2025-10-31 01:31:28 PID=46956 CPU=30.3% MEM=2.7% RSS=225.25MB
2025-10-31 01:31:29 PID=46956 CPU=29.9% MEM=2.7% RSS=225.25MB
2025-10-31 01:31:30 PID=46956 CPU=29.5% MEM=2.7% RSS=225.25MB
2025-10-31 01:31:31 PID=46956 CPU=29.1% MEM=2.7% RSS=225.25MB
2025-10-31 01:31:32 PID=46956 CPU=28.8% MEM=2.7% RSS=225.25MB
2025-10-31 01:31:33 PID=46956 CPU=28.5% MEM=2.7% RSS=225.30MB
2025-10-31 01:31:34 PID=46956 CPU=28.2% MEM=2.7% RSS=225.33MB
2025-10-31 01:31:35 PID=46956 CPU=28.0% MEM=2.7% RSS=225.33MB
2025-10-31 01:31:36 PID=46956 CPU=27.7% MEM=2.7% RSS=225.33MB
2025-10-31 01:31:37 PID=46956 CPU=27.6% MEM=2.7% RSS=225.33MB
2025-10-31 01:31:38 PID=46956 CPU=27.3% MEM=2.7% RSS=225.33MB
2025-10-31 01:31:39 PID=46956 CPU=27.2% MEM=2.7% RSS=225.41MB
2025-10-31 01:31:40 PID=46956 CPU=27.0% MEM=2.7% RSS=225.41MB
2025-10-31 01:31:41 PID=46956 CPU=26.8% MEM=2.7% RSS=225.41MB
2025-10-31 01:31:42 PID=46956 CPU=26.6% MEM=2.7% RSS=225.41MB
2025-10-31 01:31:43 PID=46956 CPU=26.3% MEM=2.7% RSS=225.41MB
2025-10-31 01:31:44 PID=46956 CPU=26.1% MEM=2.7% RSS=225.41MB
2025-10-31 01:31:45 PID=46956 CPU=25.9% MEM=2.7% RSS=225.41MB
2025-10-31 01:31:46 PID=46956 CPU=25.7% MEM=2.7% RSS=225.47MB
2025-10-31 01:31:47 PID=46956 CPU=25.6% MEM=2.7% RSS=225.47MB
2025-10-31 01:31:48 PID=46956 CPU=25.5% MEM=2.7% RSS=225.47MB
2025-10-31 01:31:49 PID=46956 CPU=25.4% MEM=2.7% RSS=225.47MB
2025-10-31 01:31:50 PID=46956 CPU=25.3% MEM=2.7% RSS=225.47MB
2025-10-31 01:31:51 PID=46956 CPU=25.2% MEM=2.7% RSS=225.47MB
2025-10-31 01:31:52 PID=46956 CPU=25.2% MEM=2.7% RSS=225.47MB
2025-10-31 01:31:53 PID=46956 CPU=25.1% MEM=2.7% RSS=225.47MB
2025-10-31 01:31:54 PID=46956 CPU=25.0% MEM=2.7% RSS=225.47MB
2025-10-31 01:31:55 PID=46956 CPU=25.0% MEM=2.7% RSS=225.53MB
2025-10-31 01:31:56 PID=46956 CPU=24.9% MEM=2.7% RSS=225.53MB
2025-10-31 01:31:57 PID=46956 CPU=24.8% MEM=2.7% RSS=225.53MB
2025-10-31 01:31:58 PID=46956 CPU=24.8% MEM=2.7% RSS=225.53MB
2025-10-31 01:31:59 PID=46956 CPU=24.7% MEM=2.7% RSS=225.61MB
2025-10-31 01:32:00 PID=46956 CPU=24.7% MEM=2.7% RSS=225.61MB
2025-10-31 01:32:01 PID=46956 CPU=24.6% MEM=2.7% RSS=225.61MB
2025-10-31 01:32:02 PID=46956 CPU=24.5% MEM=2.7% RSS=225.61MB
2025-10-31 01:32:03 PID=46956 CPU=24.5% MEM=2.7% RSS=225.61MB
2025-10-31 01:32:04 PID=46956 CPU=24.4% MEM=2.7% RSS=225.61MB
2025-10-31 01:32:06 PID=46956 CPU=24.4% MEM=2.7% RSS=225.61MB
2025-10-31 01:32:07 PID=46956 CPU=24.3% MEM=2.7% RSS=225.61MB
2025-10-31 01:32:08 PID=46956 CPU=24.3% MEM=2.7% RSS=225.61MB
2025-10-31 01:32:09 PID=46956 CPU=24.3% MEM=2.7% RSS=225.61MB
2025-10-31 01:32:10 PID=46956 CPU=24.2% MEM=2.7% RSS=225.61MB
2025-10-31 01:32:11 PID=46956 CPU=24.2% MEM=2.7% RSS=225.61MB
2025-10-31 01:32:12 PID=46956 CPU=24.2% MEM=2.7% RSS=225.73MB
2025-10-31 01:32:13 PID=46956 CPU=24.1% MEM=2.7% RSS=225.75MB
2025-10-31 01:32:14 PID=46956 CPU=24.1% MEM=2.7% RSS=225.75MB
2025-10-31 01:32:15 PID=46956 CPU=24.0% MEM=2.7% RSS=225.75MB
2025-10-31 01:32:16 PID=46956 CPU=23.9% MEM=2.7% RSS=225.75MB
2025-10-31 01:32:17 PID=46956 CPU=23.8% MEM=2.7% RSS=225.75MB
2025-10-31 01:32:18 PID=46956 CPU=23.8% MEM=2.7% RSS=225.75MB
2025-10-31 01:32:19 PID=46956 CPU=23.7% MEM=2.7% RSS=225.75MB
2025-10-31 01:32:20 PID=46956 CPU=23.6% MEM=2.7% RSS=225.75MB
2025-10-31 01:32:21 PID=46956 CPU=23.6% MEM=2.7% RSS=225.75MB
2025-10-31 01:32:22 PID=46956 CPU=23.6% MEM=2.7% RSS=225.75MB
2025-10-31 01:32:23 PID=46956 CPU=23.6% MEM=2.7% RSS=225.75MB
2025-10-31 01:32:24 PID=46956 CPU=23.6% MEM=2.7% RSS=225.75MB
2025-10-31 01:32:25 PID=46956 CPU=23.5% MEM=2.8% RSS=225.81MB
2025-10-31 01:32:26 PID=46956 CPU=23.5% MEM=2.8% RSS=225.81MB
2025-10-31 01:32:27 PID=46956 CPU=23.5% MEM=2.8% RSS=225.81MB
2025-10-31 01:32:28 PID=46956 CPU=23.5% MEM=2.8% RSS=225.88MB
2025-10-31 01:32:29 PID=46956 CPU=23.4% MEM=2.8% RSS=225.88MB
2025-10-31 01:32:30 PID=46956 CPU=23.4% MEM=2.8% RSS=225.88MB
2025-10-31 01:32:31 PID=46956 CPU=23.3% MEM=2.8% RSS=225.88MB
2025-10-31 01:32:32 PID=46956 CPU=23.3% MEM=2.8% RSS=225.92MB
2025-10-31 01:32:33 PID=46956 CPU=23.2% MEM=2.8% RSS=225.92MB
2025-10-31 01:32:34 PID=46956 CPU=23.1% MEM=2.8% RSS=225.92MB
2025-10-31 01:32:35 PID=46956 CPU=23.1% MEM=2.8% RSS=225.92MB
2025-10-31 01:32:36 PID=46956 CPU=23.1% MEM=2.8% RSS=225.92MB
2025-10-31 01:32:37 PID=46956 CPU=23.1% MEM=2.8% RSS=225.98MB
2025-10-31 01:32:38 PID=46956 CPU=23.1% MEM=2.8% RSS=226.00MB
2025-10-31 01:32:39 PID=46956 CPU=23.1% MEM=2.8% RSS=226.00MB
2025-10-31 01:32:40 PID=46956 CPU=23.0% MEM=2.8% RSS=226.00MB
2025-10-31 01:32:41 PID=46956 CPU=23.0% MEM=2.8% RSS=226.00MB
2025-10-31 01:32:42 PID=46956 CPU=23.0% MEM=2.8% RSS=226.00MB
2025-10-31 01:32:43 PID=46956 CPU=23.0% MEM=2.8% RSS=226.05MB
2025-10-31 01:32:44 PID=46956 CPU=22.9% MEM=2.8% RSS=226.06MB
2025-10-31 01:32:45 PID=46956 CPU=22.9% MEM=2.8% RSS=226.06MB
2025-10-31 01:32:46 PID=46956 CPU=22.8% MEM=2.8% RSS=226.06MB
2025-10-31 01:32:47 PID=46956 CPU=22.8% MEM=2.8% RSS=226.12MB
2025-10-31 01:32:48 PID=46956 CPU=22.8% MEM=2.8% RSS=226.14MB
2025-10-31 01:32:49 PID=46956 CPU=22.8% MEM=2.8% RSS=226.14MB
---- Summary (based on 100 samples) ----
Average CPU% : 28.7850
Average MEM% : 2.6920
Average RSS (MB): 222.7124
========== Run finished: 2025-10-31 01:32:50 ==========
